2026-08-09T09:12:01Z INFO  starting service version=1.4.2 pid=1287
2026-08-09T09:12:01Z INFO  connected to database host=db-primary:5432
2026-08-09T09:12:03Z INFO  cache warmup complete keys=1024
2026-08-09T09:12:05Z WARN  slow query detected duration=812ms query="SELECT * FROM orders"
2026-08-09T09:12:07Z ERROR failed to connect to redis host=redis:6379 error="connection refused"
2026-08-09T09:12:07Z INFO  retrying redis connection attempt=1
2026-08-09T09:12:09Z ERROR failed to connect to redis host=redis:6379 error="connection refused"
2026-08-09T09:12:09Z INFO  retrying redis connection attempt=2
2026-08-09T09:12:11Z INFO  redis connection established host=redis:6379
2026-08-09T09:12:15Z INFO  handled request method=GET path=/health status=200 duration=3ms
2026-08-09T09:12:18Z WARN  high memory usage rss=812MB threshold=768MB
2026-08-09T09:12:20Z ERROR unhandled exception path=/api/checkout error="NullPointerException" trace_id=abc123
2026-08-09T09:12:20Z INFO  handled request method=POST path=/api/checkout status=500 duration=142ms
2026-08-09T09:12:24Z INFO  handled request method=GET path=/api/products status=200 duration=27ms
2026-08-09T09:12:28Z ERROR payment gateway timeout provider=stripe timeout=30s trace_id=def456
2026-08-09T09:12:28Z INFO  handled request method=POST path=/api/pay status=504 duration=30012ms
2026-08-09T09:12:31Z WARN  deprecated API called endpoint=/v1/users client=mobile-app
2026-08-09T09:12:35Z INFO  handled request method=GET path=/api/orders status=200 duration=18ms
2026-08-09T09:12:40Z ERROR disk space low mount=/var/lib/docker available=512MB threshold=1GB
2026-08-09T09:12:45Z INFO  background job completed job=cleanup removed=128
